// Jest Snapshot v1, https://goo.gl/fbAQLP

exports[`pages/index.tsx 1`] = `
<div
  className="text-center"
>
  Hello World
</div>
`;
